
> @ever-jobs/root@0.1.0 collect
> npx nest start collector -- collect

webpack 5.97.1 compiled [1m[32msuccessfully[39m[22m in 3791 ms
[32m[Nest] 3191  - [39m07/25/2026, 10:15:55 PM [32m    LOG[39m [38;5;3m[NestFactory] [39m[32mStarting Nest application...[39m
[32m[Nest] 3191  - [39m07/25/2026, 10:15:55 PM [32m    LOG[39m [38;5;3m[InstanceLoader] [39m[32mCommandRootModule dependencies initialized[39m[38;5;3m +12ms[39m
[32m[Nest] 3191  - [39m07/25/2026, 10:15:55 PM [32m    LOG[39m [38;5;3m[InstanceLoader] [39m[32mConfigHostModule dependencies initialized[39m[38;5;3m +1ms[39m
[32m[Nest] 3191  - [39m07/25/2026, 10:15:55 PM [32m    LOG[39m [38;5;3m[InstanceLoader] [39m[32mDiscoveryModule dependencies initialized[39m[38;5;3m +0ms[39m
[32m[Nest] 3191  - [39m07/25/2026, 10:15:55 PM [32m    LOG[39m [38;5;3m[InstanceLoader] [39m[32mConfigModule dependencies initialized[39m[38;5;3m +0ms[39m
[32m[Nest] 3191  - [39m07/25/2026, 10:15:55 PM [32m    LOG[39m [38;5;3m[InstanceLoader] [39m[32mCommandRunnerModule dependencies initialized[39m[38;5;3m +0ms[39m
[32m[Nest] 3191  - [39m07/25/2026, 10:15:55 PM [32m    LOG[39m [38;5;3m[InstanceLoader] [39m[32mCollectorModule dependencies initialized[39m[38;5;3m +1ms[39m
[32m[Nest] 3191  - [39m07/25/2026, 10:15:55 PM [32m    LOG[39m [38;5;3m[CollectorService] [39m[32mBatch "remote-boards" — 27 sources[39m
[33m[Nest] 3191  - [39m07/25/2026, 10:16:02 PM [33m   WARN[39m [38;5;3m[CollectorService] [39m[33mRejected (first 5): Loss Mitigation Underwriter, II @ name | Sales Representative @ name | Cloud Solution Architect – D365 Finance & Operations (Technical) & Project Opera @ name | Social Community Representative @ name | [LATAM] Software Engineer 2 @ name[39m
[32m[Nest] 3191  - [39m07/25/2026, 10:16:02 PM [32m    LOG[39m [38;5;3m[CollectorService] [39m[32mBatch "remote-boards": fetched=115 matched=1 new=0 updated=1[39m
[32m[Nest] 3191  - [39m07/25/2026, 10:16:02 PM [32m    LOG[39m [38;5;3m[CollectorService] [39m[32mBatch "major-boards" — 12 sources[39m
[33m[Nest] 3191  - [39m07/25/2026, 10:16:19 PM [33m   WARN[39m [38;5;3m[CollectorService] [39m[33mRejected (first 5): AI/ML Engineer @ Accenture LLP | AI/ML Engineer @ Robustware | ML/AI Engineer (Display Systems) @ Dexian DISYS | AI/ML Engineer III @ Akidev Corporation | AI/ML Engineer - Location: Austin, TX (Onsite) Must be Local to Austin TX @ Conquest Consulting[39m
[32m[Nest] 3191  - [39m07/25/2026, 10:16:19 PM [32m    LOG[39m [38;5;3m[CollectorService] [39m[32mBatch "major-boards": fetched=99 matched=0 new=0 updated=0[39m
[32m[Nest] 3191  - [39m07/25/2026, 10:16:19 PM [32m    LOG[39m [38;5;3m[CollectorService] [39m[32mBatch "social-posts" — 3 sources[39m
[32m[Nest] 3191  - [39m07/25/2026, 10:16:20 PM [32m    LOG[39m [38;5;3m[CollectorService] [39m[32mBatch "social-posts": fetched=0 matched=0 new=0 updated=0[39m
[32m[Nest] 3191  - [39m07/25/2026, 10:16:20 PM [32m    LOG[39m [38;5;3m[CollectorService] [39m[32mBatch "ng-job-boards" — 8 sources[39m
[32m[Nest] 3191  - [39m07/25/2026, 10:16:26 PM [32m    LOG[39m [38;5;3m[CollectorService] [39m[32mBatch "ng-job-boards": fetched=0 matched=0 new=0 updated=0[39m

=== Collect summary ===
  remote-boards: fetched=115 matched=1 new=0 updated=1
  major-boards: fetched=99 matched=0 new=0 updated=0
  social-posts: fetched=0 matched=0 new=0 updated=0
  ng-job-boards: fetched=0 matched=0 new=0 updated=0

Total matched=1 new=0 updated=1
Store total=763

> @ever-jobs/root@0.1.0 founder
> ts-node -P tsconfig.base.json -r tsconfig-paths/register scripts/founder-scraper.ts

[founder] found Who's Hiring thread: 48747976
[founder] total unique posts: 62
[founder] wrote 62 posts to ./data/founder_posts.json

> @ever-jobs/root@0.1.0 notis:once
> ts-node -P apps/notifier/tsconfig.json -r tsconfig-paths/register apps/notifier/src/main.ts --once

[notis] cycle=1 total=763 new=0 sent=0 failed=0 notified_store=766
